// Jest Snapshot v1, https://goo.gl/fbAQLP

exports[` 1`] = `
<div>
  <div>
    <div
      class="detail"
    >
      <h3>
        Meet 
        Mrs. Weasley
      </h3>
      <img
        alt="dog"
        class="big-dog"
        src="https://placedog.net/1000/563?id=3"
      />
      <p>
        Mrs. Weasley
         is a(n) 
        3
         year old 
        Golden Retriever
      </p>
      <br />
      <span>
        Mrs. Weasley was found pregnant on the streets. She gave birth to 4 lively pups, Ron & Ginny are still available for adoption. She's working on her resource guarding but will make a wonderful family dog. 
      </span>
    </div>
  </div>
</div>
`;
