// Jest Snapshot v1, https://goo.gl/fbAQLP

exports[` 1`] = `
<div>
  <div>
    <header>
      <a
        aria-current="page"
        class="navigate active"
        href="/"
      >
        Home
      </a>
      <a
        class="navigate"
        href="/admin"
      >
        Admin
      </a>
    </header>
    <div
      class="detail"
    >
      <h3>
        Meet 
        Dragon
      </h3>
      <img
        alt="dog"
        class=""
        src="https://upload.wikimedia.org/wikipedia/commons/thumb/d/d7/Gringotts_Dragon_%2842428011465%29.jpg/675px-Gringotts_Dragon_%2842428011465%29.jpg"
      />
      <p>
        Dragon
         is a(n) 
        267
         year old 
        Ukrainian Ironbelly
      </p>
      <p>
        Breathes fire in Orlando, Florida
      </p>
      <button
        class="button"
      >
        Edit
      </button>
      <button
        class="button"
      >
        Delete
      </button>
    </div>
  </div>
</div>
`;
