// Jest Snapshot v1, https://goo.gl/fbAQLP

exports[` 1`] = `
<div>
  <div
    class="admin"
  >
    <header>
      <a
        aria-current="page"
        class="navigate activenavigate active"
        href="/"
      >
        Home
      </a>
      <a
        class="navigate activenot-active navigate"
        href="/admin"
      >
        Admin
      </a>
    </header>
    <div
      class="form"
    >
      <h2>
        Enter Dog Details
      </h2>
      <p />
      <label>
        Name:
        <input
          placeholder="Name"
          type="text"
          value=""
        />
      </label>
      <label>
        Bio:
        <textarea
          placeholder="Bio"
        />
      </label>
      <label>
        Age:
        <input
          placeholder="Age"
          type="number"
          value=""
        />
      </label>
      <label>
        Image:
        <input
          placeholder="Image URL"
          type="text"
          value=""
        />
      </label>
      <label>
        Breed:
        <input
          placeholder="Breed"
          type="text"
          value=""
        />
      </label>
      <button
        class="button"
      >
        Save
      </button>
    </div>
  </div>
</div>
`;
